[2026-04-26T18:54:55.318+0000] {taskinstance.py:1956} INFO - Dependencies all met for dep_context=non-requeueable deps ti=<TaskInstance: model_training_pipeline.train_model manual__2026-04-26T18:54:51.345847+00:00 [queued]>
[2026-04-26T18:54:55.340+0000] {taskinstance.py:1956} INFO - Dependencies all met for dep_context=requeueable deps ti=<TaskInstance: model_training_pipeline.train_model manual__2026-04-26T18:54:51.345847+00:00 [queued]>
[2026-04-26T18:54:55.341+0000] {taskinstance.py:2170} INFO - Starting attempt 1 of 2
[2026-04-26T18:54:55.369+0000] {taskinstance.py:2191} INFO - Executing <Task(PythonOperator): train_model> on 2026-04-26 18:54:51.345847+00:00
[2026-04-26T18:54:55.391+0000] {standard_task_runner.py:60} INFO - Started process 33864 to run task
[2026-04-26T18:54:55.396+0000] {standard_task_runner.py:87} INFO - Running: ['***', 'tasks', 'run', 'model_training_pipeline', 'train_model', 'manual__2026-04-26T18:54:51.345847+00:00', '--job-id', '41', '--raw', '--subdir', 'DAGS_FOLDER/model_training_dag.py', '--cfg-path', '/tmp/tmpobysg9vs']
[2026-04-26T18:54:55.401+0000] {standard_task_runner.py:88} INFO - Job 41: Subtask train_model
[2026-04-26T18:54:55.429+0000] {logging_mixin.py:188} WARNING - /home/***/.local/lib/python3.11/site-packages/***/settings.py:194 DeprecationWarning: The sql_alchemy_conn option in [core] has been moved to the sql_alchemy_conn option in [database] - the old setting has been used, but please update your config.
[2026-04-26T18:54:55.493+0000] {task_command.py:423} INFO - Running <TaskInstance: model_training_pipeline.train_model manual__2026-04-26T18:54:51.345847+00:00 [running]> on host efe38e3d6854
[2026-04-26T18:54:55.610+0000] {taskinstance.py:2480} INFO - Exporting env vars: AIRFLOW_CTX_DAG_OWNER='data_scientist' AIRFLOW_CTX_DAG_ID='model_training_pipeline' AIRFLOW_CTX_TASK_ID='train_model' AIRFLOW_CTX_EXECUTION_DATE='2026-04-26T18:54:51.345847+00:00' AIRFLOW_CTX_TRY_NUMBER='1' AIRFLOW_CTX_DAG_RUN_ID='manual__2026-04-26T18:54:51.345847+00:00'
[2026-04-26T18:54:55.612+0000] {model_training_dag.py:34} INFO - 
================================================================================
[2026-04-26T18:54:55.613+0000] {model_training_dag.py:35} INFO - MODEL TRAINING PIPELINE
[2026-04-26T18:54:55.614+0000] {model_training_dag.py:36} INFO - ================================================================================
[2026-04-26T18:54:55.614+0000] {model_training_dag.py:40} INFO - 
[1/6] Loading Features...
[2026-04-26T18:54:55.641+0000] {model_training_dag.py:47} INFO -   ✓ Loaded 408 records, 57 columns
[2026-04-26T18:54:55.642+0000] {model_training_dag.py:50} INFO - 
[2/6] Train/Test Split...
[2026-04-26T18:54:55.646+0000] {model_training_dag.py:58} INFO -   ✓ Train: 387 records (2000-2018)
[2026-04-26T18:54:55.647+0000] {model_training_dag.py:59} INFO -   ✓ Test: 21 records
[2026-04-26T18:54:55.648+0000] {model_training_dag.py:62} INFO - 
[3/6] Feature Selection...
[2026-04-26T18:54:55.648+0000] {model_training_dag.py:82} INFO -   ✓ Selected 43 features
[2026-04-26T18:54:55.649+0000] {model_training_dag.py:83} INFO -   ✓ Excluded 4 columns with 100% NaN
[2026-04-26T18:54:55.649+0000] {model_training_dag.py:86} INFO - 
[4/6] Cleaning Data...
[2026-04-26T18:54:55.702+0000] {model_training_dag.py:108} INFO -   ✓ Cleaned: train=0, test=0
[2026-04-26T18:54:55.704+0000] {model_training_dag.py:227} ERROR - 
================================================================================
[2026-04-26T18:54:55.705+0000] {model_training_dag.py:228} ERROR - ✗ ERROR
[2026-04-26T18:54:55.706+0000] {model_training_dag.py:229} ERROR - ================================================================================
[2026-04-26T18:54:55.707+0000] {model_training_dag.py:230} ERROR - Empty data! train=0, test=0
[2026-04-26T18:54:55.717+0000] {model_training_dag.py:231} ERROR - Traceback (most recent call last):
  File "/home/***/dags/model_training_dag.py", line 111, in train_model
    raise ValueError(f"Empty data! train={len(train_df)}, test={len(test_df)}")
ValueError: Empty data! train=0, test=0

[2026-04-26T18:54:55.718+0000] {model_training_dag.py:232} ERROR - ================================================================================

[2026-04-26T18:54:55.719+0000] {taskinstance.py:2698} ERROR - Task failed with exception
Traceback (most recent call last):
  File "/home/airflow/.local/lib/python3.11/site-packages/airflow/models/taskinstance.py", line 433, in _execute_task
    result = execute_callable(context=context, **execute_callable_kwargs)
             ^^^^^^^^^^^^^^^^^^^^^^^^^^^^^^^^^^^^^^^^^^^^^^^^^^^^^^^^^^^^
  File "/home/airflow/.local/lib/python3.11/site-packages/airflow/operators/python.py", line 199, in execute
    return_value = self.execute_callable()
                   ^^^^^^^^^^^^^^^^^^^^^^^
  File "/home/airflow/.local/lib/python3.11/site-packages/airflow/operators/python.py", line 216, in execute_callable
    return self.python_callable(*self.op_args, **self.op_kwargs)
           ^^^^^^^^^^^^^^^^^^^^^^^^^^^^^^^^^^^^^^^^^^^^^^^^^^^^^
  File "/home/airflow/dags/model_training_dag.py", line 111, in train_model
    raise ValueError(f"Empty data! train={len(train_df)}, test={len(test_df)}")
ValueError: Empty data! train=0, test=0
[2026-04-26T18:54:55.738+0000] {taskinstance.py:1138} INFO - Marking task as UP_FOR_RETRY. dag_id=model_training_pipeline, task_id=train_model, execution_date=20260426T185451, start_date=20260426T185455, end_date=20260426T185455
[2026-04-26T18:54:55.770+0000] {standard_task_runner.py:107} ERROR - Failed to execute job 41 for task train_model (Empty data! train=0, test=0; 33864)
[2026-04-26T18:54:55.811+0000] {local_task_job_runner.py:234} INFO - Task exited with return code 1
[2026-04-26T18:54:55.843+0000] {taskinstance.py:3280} INFO - 0 downstream tasks scheduled from follow-on schedule check
