[2026-04-24T21:02:56.272+0000] {taskinstance.py:1956} INFO - Dependencies all met for dep_context=non-requeueable deps ti=<TaskInstance: data_merge_pipeline.merge_and_process_data manual__2026-04-24T21:02:55.103644+00:00 [queued]>
[2026-04-24T21:02:56.281+0000] {taskinstance.py:1956} INFO - Dependencies all met for dep_context=requeueable deps ti=<TaskInstance: data_merge_pipeline.merge_and_process_data manual__2026-04-24T21:02:55.103644+00:00 [queued]>
[2026-04-24T21:02:56.282+0000] {taskinstance.py:2170} INFO - Starting attempt 1 of 2
[2026-04-24T21:02:56.296+0000] {taskinstance.py:2191} INFO - Executing <Task(PythonOperator): merge_and_process_data> on 2026-04-24 21:02:55.103644+00:00
[2026-04-24T21:02:56.302+0000] {standard_task_runner.py:60} INFO - Started process 368 to run task
[2026-04-24T21:02:56.308+0000] {standard_task_runner.py:87} INFO - Running: ['***', 'tasks', 'run', 'data_merge_pipeline', 'merge_and_process_data', 'manual__2026-04-24T21:02:55.103644+00:00', '--job-id', '23', '--raw', '--subdir', 'DAGS_FOLDER/data_merge_dag.py', '--cfg-path', '/tmp/tmpxa5274hn']
[2026-04-24T21:02:56.310+0000] {standard_task_runner.py:88} INFO - Job 23: Subtask merge_and_process_data
[2026-04-24T21:02:56.335+0000] {logging_mixin.py:188} WARNING - /home/***/.local/lib/python3.11/site-packages/***/settings.py:194 DeprecationWarning: The sql_alchemy_conn option in [core] has been moved to the sql_alchemy_conn option in [database] - the old setting has been used, but please update your config.
[2026-04-24T21:02:56.378+0000] {task_command.py:423} INFO - Running <TaskInstance: data_merge_pipeline.merge_and_process_data manual__2026-04-24T21:02:55.103644+00:00 [running]> on host efe38e3d6854
[2026-04-24T21:02:56.460+0000] {taskinstance.py:2480} INFO - Exporting env vars: AIRFLOW_CTX_DAG_OWNER='data_engineer' AIRFLOW_CTX_DAG_ID='data_merge_pipeline' AIRFLOW_CTX_TASK_ID='merge_and_process_data' AIRFLOW_CTX_EXECUTION_DATE='2026-04-24T21:02:55.103644+00:00' AIRFLOW_CTX_TRY_NUMBER='1' AIRFLOW_CTX_DAG_RUN_ID='manual__2026-04-24T21:02:55.103644+00:00'
[2026-04-24T21:02:56.462+0000] {data_merge_dag.py:46} INFO - 
================================================================================
[2026-04-24T21:02:56.463+0000] {data_merge_dag.py:47} INFO - MLOPS DATA MERGE PIPELINE - STARTED
[2026-04-24T21:02:56.463+0000] {data_merge_dag.py:48} INFO - ================================================================================
[2026-04-24T21:02:56.464+0000] {data_merge_dag.py:52} INFO - 
[1/6] Loading Weather Data (NASA POWER)...
[2026-04-24T21:02:56.820+0000] {data_merge_dag.py:59} INFO -   ✓ Loaded 257,152 daily weather records
[2026-04-24T21:02:56.820+0000] {data_merge_dag.py:60} INFO -   Columns: ['district', 'latitude', 'longitude', 'date', 'year', 'month', 'T2M', 'T2M_MAX', 'T2M_MIN', 'PRECTOTCORR', 'RH2M', 'WS10M']
[2026-04-24T21:02:56.836+0000] {data_merge_dag.py:61} INFO -   Date range: 2000-01-01 to 2021-12-31
[2026-04-24T21:02:56.843+0000] {data_merge_dag.py:62} INFO -   Unique districts: 32
[2026-04-24T21:02:56.844+0000] {data_merge_dag.py:289} ERROR - 
================================================================================
[2026-04-24T21:02:56.844+0000] {data_merge_dag.py:290} ERROR - ✗ ERROR IN DATA MERGE PIPELINE
[2026-04-24T21:02:56.845+0000] {data_merge_dag.py:291} ERROR - ================================================================================
[2026-04-24T21:02:56.845+0000] {data_merge_dag.py:292} ERROR - Exception: cannot access local variable 'df_yield_target' where it is not associated with a value
[2026-04-24T21:02:56.846+0000] {data_merge_dag.py:293} ERROR - 
Full Traceback:
[2026-04-24T21:02:56.854+0000] {data_merge_dag.py:294} ERROR - Traceback (most recent call last):
  File "/home/***/dags/data_merge_dag.py", line 64, in merge_and_process_data
    df_yield_target = df_yield_target.rename(columns={
                      ^^^^^^^^^^^^^^^
UnboundLocalError: cannot access local variable 'df_yield_target' where it is not associated with a value

[2026-04-24T21:02:56.855+0000] {data_merge_dag.py:295} ERROR - ================================================================================

[2026-04-24T21:02:56.855+0000] {taskinstance.py:2698} ERROR - Task failed with exception
Traceback (most recent call last):
  File "/home/airflow/.local/lib/python3.11/site-packages/airflow/models/taskinstance.py", line 433, in _execute_task
    result = execute_callable(context=context, **execute_callable_kwargs)
             ^^^^^^^^^^^^^^^^^^^^^^^^^^^^^^^^^^^^^^^^^^^^^^^^^^^^^^^^^^^^
  File "/home/airflow/.local/lib/python3.11/site-packages/airflow/operators/python.py", line 199, in execute
    return_value = self.execute_callable()
                   ^^^^^^^^^^^^^^^^^^^^^^^
  File "/home/airflow/.local/lib/python3.11/site-packages/airflow/operators/python.py", line 216, in execute_callable
    return self.python_callable(*self.op_args, **self.op_kwargs)
           ^^^^^^^^^^^^^^^^^^^^^^^^^^^^^^^^^^^^^^^^^^^^^^^^^^^^^
  File "/home/airflow/dags/data_merge_dag.py", line 64, in merge_and_process_data
    df_yield_target = df_yield_target.rename(columns={
                      ^^^^^^^^^^^^^^^
UnboundLocalError: cannot access local variable 'df_yield_target' where it is not associated with a value
[2026-04-24T21:02:56.865+0000] {taskinstance.py:1138} INFO - Marking task as UP_FOR_RETRY. dag_id=data_merge_pipeline, task_id=merge_and_process_data, execution_date=20260424T210255, start_date=20260424T210256, end_date=20260424T210256
[2026-04-24T21:02:56.876+0000] {standard_task_runner.py:107} ERROR - Failed to execute job 23 for task merge_and_process_data (cannot access local variable 'df_yield_target' where it is not associated with a value; 368)
[2026-04-24T21:02:56.922+0000] {local_task_job_runner.py:234} INFO - Task exited with return code 1
[2026-04-24T21:02:56.942+0000] {taskinstance.py:3280} INFO - 0 downstream tasks scheduled from follow-on schedule check
