[2026-04-27T00:25:04.508+0000] {taskinstance.py:1956} INFO - Dependencies all met for dep_context=non-requeueable deps ti=<TaskInstance: mlflow_model_tracking.log_model_to_mlflow manual__2026-04-27T00:25:02.036829+00:00 [queued]>
[2026-04-27T00:25:04.515+0000] {taskinstance.py:1956} INFO - Dependencies all met for dep_context=requeueable deps ti=<TaskInstance: mlflow_model_tracking.log_model_to_mlflow manual__2026-04-27T00:25:02.036829+00:00 [queued]>
[2026-04-27T00:25:04.516+0000] {taskinstance.py:2170} INFO - Starting attempt 1 of 2
[2026-04-27T00:25:04.533+0000] {taskinstance.py:2191} INFO - Executing <Task(PythonOperator): log_model_to_mlflow> on 2026-04-27 00:25:02.036829+00:00
[2026-04-27T00:25:04.541+0000] {standard_task_runner.py:60} INFO - Started process 106 to run task
[2026-04-27T00:25:04.543+0000] {standard_task_runner.py:87} INFO - Running: ['***', 'tasks', 'run', 'mlflow_model_tracking', 'log_model_to_mlflow', 'manual__2026-04-27T00:25:02.036829+00:00', '--job-id', '49', '--raw', '--subdir', 'DAGS_FOLDER/mlflow_tracking_dag.py', '--cfg-path', '/tmp/tmpwbjt77bx']
[2026-04-27T00:25:04.547+0000] {standard_task_runner.py:88} INFO - Job 49: Subtask log_model_to_mlflow
[2026-04-27T00:25:04.566+0000] {logging_mixin.py:188} WARNING - /home/***/.local/lib/python3.11/site-packages/***/settings.py:194 DeprecationWarning: The sql_alchemy_conn option in [core] has been moved to the sql_alchemy_conn option in [database] - the old setting has been used, but please update your config.
[2026-04-27T00:25:04.600+0000] {task_command.py:423} INFO - Running <TaskInstance: mlflow_model_tracking.log_model_to_mlflow manual__2026-04-27T00:25:02.036829+00:00 [running]> on host efe38e3d6854
[2026-04-27T00:25:04.678+0000] {taskinstance.py:2480} INFO - Exporting env vars: AIRFLOW_CTX_DAG_OWNER='data_scientist' AIRFLOW_CTX_DAG_ID='mlflow_model_tracking' AIRFLOW_CTX_TASK_ID='log_model_to_mlflow' AIRFLOW_CTX_EXECUTION_DATE='2026-04-27T00:25:02.036829+00:00' AIRFLOW_CTX_TRY_NUMBER='1' AIRFLOW_CTX_DAG_RUN_ID='manual__2026-04-27T00:25:02.036829+00:00'
[2026-04-27T00:25:04.680+0000] {mlflow_tracking_dag.py:27} INFO - 
================================================================================
[2026-04-27T00:25:04.681+0000] {mlflow_tracking_dag.py:28} INFO - MLFLOW MODEL TRACKING
[2026-04-27T00:25:04.682+0000] {mlflow_tracking_dag.py:29} INFO - ================================================================================
[2026-04-27T00:25:06.556+0000] {logging_mixin.py:188} WARNING - 2026/04/27 00:25:06 INFO mlflow.tracking.fluent: Experiment with name 'yield_risk_prediction' does not exist. Creating a new experiment.
[2026-04-27T00:25:06.609+0000] {mlflow_tracking_dag.py:36} INFO - 
[1/3] Loading Model & Metrics...
[2026-04-27T00:25:07.399+0000] {mlflow_tracking_dag.py:41} INFO -   ✓ Loaded model
[2026-04-27T00:25:07.408+0000] {mlflow_tracking_dag.py:47} INFO -   ✓ Loaded metrics
[2026-04-27T00:25:07.414+0000] {mlflow_tracking_dag.py:53} INFO -   ✓ Loaded config
[2026-04-27T00:25:07.414+0000] {mlflow_tracking_dag.py:56} INFO - 
[2/3] Logging to MLflow...
[2026-04-27T00:25:07.542+0000] {logging_mixin.py:188} WARNING - 2026/04/27 00:25:07 WARNING mlflow.utils.git_utils: Failed to import Git (the Git executable is probably not on your PATH), so Git SHA is not available. Error: Failed to initialize: Bad git executable.
The git executable must be specified in one of the following ways:
    - be included in your $PATH
    - be set via $GIT_PYTHON_GIT_EXECUTABLE
    - explicitly set via git.refresh(<full-path-to-git-executable>)

All git commands will error until this is rectified.

This initial message can be silenced or aggravated in the future by setting the
$GIT_PYTHON_REFRESH environment variable. Use one of the following values:
    - quiet|q|silence|s|silent|none|n|0: for no message or exception
    - warn|w|warning|log|l|1: for a warning message (logging level CRITICAL, displayed by default)
    - error|e|exception|raise|r|2: for a raised exception

Example:
    export GIT_PYTHON_REFRESH=quiet
[2026-04-27T00:25:14.090+0000] {logging_mixin.py:188} WARNING - /home/***/.local/lib/python3.11/site-packages/_distutils_hack/__init__.py:33 UserWarning: Setuptools is replacing distutils.
[2026-04-27T00:25:14.176+0000] {mlflow_tracking_dag.py:124} ERROR - 
================================================================================
[2026-04-27T00:25:14.176+0000] {mlflow_tracking_dag.py:125} ERROR - ✗ ERROR
[2026-04-27T00:25:14.177+0000] {mlflow_tracking_dag.py:126} ERROR - ================================================================================
[2026-04-27T00:25:14.177+0000] {mlflow_tracking_dag.py:127} ERROR - [Errno 13] Permission denied: '/C:'
[2026-04-27T00:25:14.196+0000] {mlflow_tracking_dag.py:129} ERROR - Traceback (most recent call last):
  File "/home/***/dags/mlflow_tracking_dag.py", line 86, in log_model_to_mlflow
    mlflow.sklearn.log_model(
  File "/home/***/.local/lib/python3.11/site-packages/mlflow/sklearn/__init__.py", line 412, in log_model
    return Model.log(
           ^^^^^^^^^^
  File "/home/***/.local/lib/python3.11/site-packages/mlflow/models/model.py", line 696, in log
    mlflow.tracking.fluent.log_artifacts(local_path, mlflow_model.artifact_path, run_id)
  File "/home/***/.local/lib/python3.11/site-packages/mlflow/tracking/fluent.py", line 1106, in log_artifacts
    MlflowClient().log_artifacts(run_id, local_dir, artifact_path)
  File "/home/***/.local/lib/python3.11/site-packages/mlflow/tracking/client.py", line 1926, in log_artifacts
    self._tracking_client.log_artifacts(run_id, local_dir, artifact_path)
  File "/home/***/.local/lib/python3.11/site-packages/mlflow/tracking/_tracking_service/client.py", line 846, in log_artifacts
    self._get_artifact_repo(run_id).log_artifacts(local_dir, artifact_path)
  File "/home/***/.local/lib/python3.11/site-packages/mlflow/store/artifact/local_artifact_repo.py", line 66, in log_artifacts
    mkdir(artifact_dir)
  File "/home/***/.local/lib/python3.11/site-packages/mlflow/utils/file_utils.py", line 211, in mkdir
    raise e
  File "/home/***/.local/lib/python3.11/site-packages/mlflow/utils/file_utils.py", line 208, in mkdir
    os.makedirs(target, exist_ok=True)
  File "<frozen os>", line 215, in makedirs
  File "<frozen os>", line 215, in makedirs
  File "<frozen os>", line 215, in makedirs
  [Previous line repeated 6 more times]
  File "<frozen os>", line 225, in makedirs
PermissionError: [Errno 13] Permission denied: '/C:'

[2026-04-27T00:25:14.197+0000] {mlflow_tracking_dag.py:130} ERROR - ================================================================================

[2026-04-27T00:25:14.198+0000] {taskinstance.py:2698} ERROR - Task failed with exception
Traceback (most recent call last):
  File "/home/airflow/.local/lib/python3.11/site-packages/airflow/models/taskinstance.py", line 433, in _execute_task
    result = execute_callable(context=context, **execute_callable_kwargs)
             ^^^^^^^^^^^^^^^^^^^^^^^^^^^^^^^^^^^^^^^^^^^^^^^^^^^^^^^^^^^^
  File "/home/airflow/.local/lib/python3.11/site-packages/airflow/operators/python.py", line 199, in execute
    return_value = self.execute_callable()
                   ^^^^^^^^^^^^^^^^^^^^^^^
  File "/home/airflow/.local/lib/python3.11/site-packages/airflow/operators/python.py", line 216, in execute_callable
    return self.python_callable(*self.op_args, **self.op_kwargs)
           ^^^^^^^^^^^^^^^^^^^^^^^^^^^^^^^^^^^^^^^^^^^^^^^^^^^^^
  File "/home/airflow/dags/mlflow_tracking_dag.py", line 86, in log_model_to_mlflow
    mlflow.sklearn.log_model(
  File "/home/airflow/.local/lib/python3.11/site-packages/mlflow/sklearn/__init__.py", line 412, in log_model
    return Model.log(
           ^^^^^^^^^^
  File "/home/airflow/.local/lib/python3.11/site-packages/mlflow/models/model.py", line 696, in log
    mlflow.tracking.fluent.log_artifacts(local_path, mlflow_model.artifact_path, run_id)
  File "/home/airflow/.local/lib/python3.11/site-packages/mlflow/tracking/fluent.py", line 1106, in log_artifacts
    MlflowClient().log_artifacts(run_id, local_dir, artifact_path)
  File "/home/airflow/.local/lib/python3.11/site-packages/mlflow/tracking/client.py", line 1926, in log_artifacts
    self._tracking_client.log_artifacts(run_id, local_dir, artifact_path)
  File "/home/airflow/.local/lib/python3.11/site-packages/mlflow/tracking/_tracking_service/client.py", line 846, in log_artifacts
    self._get_artifact_repo(run_id).log_artifacts(local_dir, artifact_path)
  File "/home/airflow/.local/lib/python3.11/site-packages/mlflow/store/artifact/local_artifact_repo.py", line 66, in log_artifacts
    mkdir(artifact_dir)
  File "/home/airflow/.local/lib/python3.11/site-packages/mlflow/utils/file_utils.py", line 211, in mkdir
    raise e
  File "/home/airflow/.local/lib/python3.11/site-packages/mlflow/utils/file_utils.py", line 208, in mkdir
    os.makedirs(target, exist_ok=True)
  File "<frozen os>", line 215, in makedirs
  File "<frozen os>", line 215, in makedirs
  File "<frozen os>", line 215, in makedirs
  [Previous line repeated 6 more times]
  File "<frozen os>", line 225, in makedirs
PermissionError: [Errno 13] Permission denied: '/C:'
[2026-04-27T00:25:14.208+0000] {taskinstance.py:1138} INFO - Marking task as UP_FOR_RETRY. dag_id=mlflow_model_tracking, task_id=log_model_to_mlflow, execution_date=20260427T002502, start_date=20260427T002504, end_date=20260427T002514
[2026-04-27T00:25:14.225+0000] {standard_task_runner.py:107} ERROR - Failed to execute job 49 for task log_model_to_mlflow ([Errno 13] Permission denied: '/C:'; 106)
[2026-04-27T00:25:14.265+0000] {local_task_job_runner.py:234} INFO - Task exited with return code 1
[2026-04-27T00:25:14.287+0000] {taskinstance.py:3280} INFO - 0 downstream tasks scheduled from follow-on schedule check
