[2026-04-26T18:57:51.411+0000] {taskinstance.py:1956} INFO - Dependencies all met for dep_context=non-requeueable deps ti=<TaskInstance: model_training_pipeline.train_model manual__2026-04-26T18:57:48.726960+00:00 [queued]>
[2026-04-26T18:57:51.421+0000] {taskinstance.py:1956} INFO - Dependencies all met for dep_context=requeueable deps ti=<TaskInstance: model_training_pipeline.train_model manual__2026-04-26T18:57:48.726960+00:00 [queued]>
[2026-04-26T18:57:51.422+0000] {taskinstance.py:2170} INFO - Starting attempt 1 of 2
[2026-04-26T18:57:51.443+0000] {taskinstance.py:2191} INFO - Executing <Task(PythonOperator): train_model> on 2026-04-26 18:57:48.726960+00:00
[2026-04-26T18:57:51.456+0000] {standard_task_runner.py:60} INFO - Started process 34063 to run task
[2026-04-26T18:57:51.459+0000] {standard_task_runner.py:87} INFO - Running: ['***', 'tasks', 'run', 'model_training_pipeline', 'train_model', 'manual__2026-04-26T18:57:48.726960+00:00', '--job-id', '43', '--raw', '--subdir', 'DAGS_FOLDER/model_training_dag.py', '--cfg-path', '/tmp/tmphdjh0_jx']
[2026-04-26T18:57:51.463+0000] {standard_task_runner.py:88} INFO - Job 43: Subtask train_model
[2026-04-26T18:57:51.485+0000] {logging_mixin.py:188} WARNING - /home/***/.local/lib/python3.11/site-packages/***/settings.py:194 DeprecationWarning: The sql_alchemy_conn option in [core] has been moved to the sql_alchemy_conn option in [database] - the old setting has been used, but please update your config.
[2026-04-26T18:57:51.528+0000] {task_command.py:423} INFO - Running <TaskInstance: model_training_pipeline.train_model manual__2026-04-26T18:57:48.726960+00:00 [running]> on host efe38e3d6854
[2026-04-26T18:57:51.623+0000] {taskinstance.py:2480} INFO - Exporting env vars: AIRFLOW_CTX_DAG_OWNER='data_scientist' AIRFLOW_CTX_DAG_ID='model_training_pipeline' AIRFLOW_CTX_TASK_ID='train_model' AIRFLOW_CTX_EXECUTION_DATE='2026-04-26T18:57:48.726960+00:00' AIRFLOW_CTX_TRY_NUMBER='1' AIRFLOW_CTX_DAG_RUN_ID='manual__2026-04-26T18:57:48.726960+00:00'
[2026-04-26T18:57:51.625+0000] {model_training_dag.py:34} INFO - 
================================================================================
[2026-04-26T18:57:51.625+0000] {model_training_dag.py:35} INFO - MODEL TRAINING PIPELINE
[2026-04-26T18:57:51.626+0000] {model_training_dag.py:36} INFO - ================================================================================
[2026-04-26T18:57:51.627+0000] {model_training_dag.py:40} INFO - 
[1/6] Loading Features...
[2026-04-26T18:57:51.656+0000] {model_training_dag.py:47} INFO -   ✓ Loaded 408 records, 57 columns
[2026-04-26T18:57:51.656+0000] {model_training_dag.py:50} INFO - 
[2/6] Train/Test Split...
[2026-04-26T18:57:51.660+0000] {model_training_dag.py:58} INFO -   ✓ Train: 387 records (2000-2018)
[2026-04-26T18:57:51.661+0000] {model_training_dag.py:59} INFO -   ✓ Test: 21 records
[2026-04-26T18:57:51.661+0000] {model_training_dag.py:62} INFO - 
[3/6] Feature Selection...
[2026-04-26T18:57:51.662+0000] {model_training_dag.py:81} INFO -   ✓ Selected 43 features
[2026-04-26T18:57:51.663+0000] {model_training_dag.py:82} INFO -   ✓ Excluded non-feature + all-NaN columns
[2026-04-26T18:57:51.663+0000] {model_training_dag.py:85} INFO - 
[4/6] Cleaning Data...
[2026-04-26T18:57:51.689+0000] {model_training_dag.py:99} INFO -   ✓ Cleaned: train=387, test=21
[2026-04-26T18:57:51.690+0000] {model_training_dag.py:102} INFO - 
[5/6] Preparing Training Data...
[2026-04-26T18:57:51.692+0000] {model_training_dag.py:110} INFO -   ✓ X_train: (387, 43)
[2026-04-26T18:57:51.692+0000] {model_training_dag.py:111} INFO -   ✓ X_test: (21, 43)
[2026-04-26T18:57:51.693+0000] {model_training_dag.py:114} INFO - 
[6/6] Training Random Forest...
[2026-04-26T18:57:52.059+0000] {model_training_dag.py:127} INFO -   ✓ Model trained
[2026-04-26T18:57:52.061+0000] {logging_mixin.py:188} WARNING - /home/***/.local/lib/python3.11/site-packages/sklearn/ensemble/_base.py:214 UserWarning: Loky-backed parallel loops cannot be called in a multiprocessing, setting n_jobs=1
[2026-04-26T18:57:52.074+0000] {logging_mixin.py:188} WARNING - /home/***/.local/lib/python3.11/site-packages/sklearn/ensemble/_base.py:214 UserWarning: Loky-backed parallel loops cannot be called in a multiprocessing, setting n_jobs=1
[2026-04-26T18:57:52.081+0000] {logging_mixin.py:188} WARNING - /home/***/.local/lib/python3.11/site-packages/sklearn/ensemble/_base.py:214 UserWarning: Loky-backed parallel loops cannot be called in a multiprocessing, setting n_jobs=1
[2026-04-26T18:57:52.105+0000] {model_training_dag.py:143} INFO -   ✓ Train Accuracy: 1.0000
[2026-04-26T18:57:52.106+0000] {model_training_dag.py:144} INFO -   ✓ Test Accuracy: 0.8095
[2026-04-26T18:57:52.106+0000] {model_training_dag.py:145} INFO -   ✓ Test Precision: 1.0000
[2026-04-26T18:57:52.107+0000] {model_training_dag.py:146} INFO -   ✓ Test Recall: 0.7778
[2026-04-26T18:57:52.107+0000] {model_training_dag.py:147} INFO -   ✓ Test F1: 0.8750
[2026-04-26T18:57:52.107+0000] {model_training_dag.py:148} INFO -   ✓ Test AUC: 0.9444
[2026-04-26T18:57:52.129+0000] {model_training_dag.py:156} INFO - 
  Top 10 Features:
[2026-04-26T18:57:52.131+0000] {model_training_dag.py:158} INFO -     lag1_yield_kg_per_ha: 0.1638
[2026-04-26T18:57:52.132+0000] {model_training_dag.py:158} INFO -     lag1_yield_kg_per_ha_scaled: 0.1203
[2026-04-26T18:57:52.133+0000] {model_training_dag.py:158} INFO -     yield_change_pct_scaled: 0.0980
[2026-04-26T18:57:52.134+0000] {model_training_dag.py:158} INFO -     yield_change_pct: 0.0851
[2026-04-26T18:57:52.134+0000] {model_training_dag.py:158} INFO -     lag2_yield_kg_per_ha_scaled: 0.0386
[2026-04-26T18:57:52.135+0000] {model_training_dag.py:158} INFO -     lag2_yield_kg_per_ha: 0.0285
[2026-04-26T18:57:52.135+0000] {model_training_dag.py:158} INFO -     temp_mean_c_max: 0.0227
[2026-04-26T18:57:52.136+0000] {model_training_dag.py:158} INFO -     temp_mean_c_max_scaled: 0.0216
[2026-04-26T18:57:52.136+0000] {model_training_dag.py:158} INFO -     temp_range: 0.0213
[2026-04-26T18:57:52.137+0000] {model_training_dag.py:158} INFO -     temp_max_c_mean: 0.0195
[2026-04-26T18:57:52.137+0000] {model_training_dag.py:161} INFO - 
  Saving outputs...
[2026-04-26T18:57:52.286+0000] {model_training_dag.py:207} INFO -   ✓ All outputs saved to data/models/
[2026-04-26T18:57:52.287+0000] {model_training_dag.py:210} INFO - 
================================================================================
[2026-04-26T18:57:52.288+0000] {model_training_dag.py:211} INFO - ✓ MODEL TRAINING COMPLETE
[2026-04-26T18:57:52.288+0000] {model_training_dag.py:212} INFO - ================================================================================
[2026-04-26T18:57:52.289+0000] {model_training_dag.py:213} INFO - 
📊 FINAL PERFORMANCE:
[2026-04-26T18:57:52.289+0000] {model_training_dag.py:214} INFO -   Train Accuracy: 1.0000
[2026-04-26T18:57:52.290+0000] {model_training_dag.py:215} INFO -   Test Accuracy: 0.8095
[2026-04-26T18:57:52.290+0000] {model_training_dag.py:216} INFO -   Test Precision: 1.0000
[2026-04-26T18:57:52.291+0000] {model_training_dag.py:217} INFO -   Test Recall: 0.7778
[2026-04-26T18:57:52.291+0000] {model_training_dag.py:218} INFO -   Test F1-Score: 0.8750
[2026-04-26T18:57:52.291+0000] {model_training_dag.py:219} INFO -   Test ROC-AUC: 0.9444
[2026-04-26T18:57:52.291+0000] {model_training_dag.py:220} INFO - 
🎯 CONFUSION MATRIX:
[2026-04-26T18:57:52.292+0000] {model_training_dag.py:221} INFO -   TP: 14, FP: 0
[2026-04-26T18:57:52.292+0000] {model_training_dag.py:222} INFO -   FN: 4, TN: 3
[2026-04-26T18:57:52.292+0000] {model_training_dag.py:223} INFO - 
📁 SAVED FILES:
[2026-04-26T18:57:52.293+0000] {model_training_dag.py:224} INFO -   1. yield_risk_model.joblib
[2026-04-26T18:57:52.293+0000] {model_training_dag.py:225} INFO -   2. model_metrics.json
[2026-04-26T18:57:52.294+0000] {model_training_dag.py:226} INFO -   3. feature_importance.csv
[2026-04-26T18:57:52.294+0000] {model_training_dag.py:227} INFO -   4. model_config.json
[2026-04-26T18:57:52.295+0000] {model_training_dag.py:228} INFO - ================================================================================

[2026-04-26T18:57:52.295+0000] {python.py:201} INFO - Done. Returned value was: {'status': 'success', 'test_accuracy': 0.8095238095238095, 'test_f1': 0.8750000000000001, 'test_auc': 0.9444444444444445}
[2026-04-26T18:57:52.343+0000] {taskinstance.py:1138} INFO - Marking task as SUCCESS. dag_id=model_training_pipeline, task_id=train_model, execution_date=20260426T185748, start_date=20260426T185751, end_date=20260426T185752
[2026-04-26T18:57:52.396+0000] {local_task_job_runner.py:234} INFO - Task exited with return code 0
[2026-04-26T18:57:52.419+0000] {taskinstance.py:3280} INFO - 0 downstream tasks scheduled from follow-on schedule check
