[2026-04-22T19:12:40.384+0000] {taskinstance.py:1956} INFO - Dependencies all met for dep_context=non-requeueable deps ti=<TaskInstance: data_merge_pipeline.load_weather manual__2026-04-22T19:07:35.400632+00:00 [queued]>
[2026-04-22T19:12:40.399+0000] {taskinstance.py:1956} INFO - Dependencies all met for dep_context=requeueable deps ti=<TaskInstance: data_merge_pipeline.load_weather manual__2026-04-22T19:07:35.400632+00:00 [queued]>
[2026-04-22T19:12:40.400+0000] {taskinstance.py:2170} INFO - Starting attempt 2 of 2
[2026-04-22T19:12:40.424+0000] {taskinstance.py:2191} INFO - Executing <Task(PythonOperator): load_weather> on 2026-04-22 19:07:35.400632+00:00
[2026-04-22T19:12:40.434+0000] {standard_task_runner.py:60} INFO - Started process 258 to run task
[2026-04-22T19:12:40.438+0000] {standard_task_runner.py:87} INFO - Running: ['***', 'tasks', 'run', 'data_merge_pipeline', 'load_weather', 'manual__2026-04-22T19:07:35.400632+00:00', '--job-id', '6', '--raw', '--subdir', 'DAGS_FOLDER/data_merge_dag.py', '--cfg-path', '/tmp/tmpxxoax8x5']
[2026-04-22T19:12:40.441+0000] {standard_task_runner.py:88} INFO - Job 6: Subtask load_weather
[2026-04-22T19:12:40.462+0000] {logging_mixin.py:188} WARNING - /home/***/.local/lib/python3.11/site-packages/***/settings.py:194 DeprecationWarning: The sql_alchemy_conn option in [core] has been moved to the sql_alchemy_conn option in [database] - the old setting has been used, but please update your config.
[2026-04-22T19:12:40.509+0000] {task_command.py:423} INFO - Running <TaskInstance: data_merge_pipeline.load_weather manual__2026-04-22T19:07:35.400632+00:00 [running]> on host 6ceeb7a486e2
[2026-04-22T19:12:40.596+0000] {taskinstance.py:2480} INFO - Exporting env vars: AIRFLOW_CTX_DAG_OWNER='data_engineer' AIRFLOW_CTX_DAG_ID='data_merge_pipeline' AIRFLOW_CTX_TASK_ID='load_weather' AIRFLOW_CTX_EXECUTION_DATE='2026-04-22T19:07:35.400632+00:00' AIRFLOW_CTX_TRY_NUMBER='2' AIRFLOW_CTX_DAG_RUN_ID='manual__2026-04-22T19:07:35.400632+00:00'
[2026-04-22T19:12:40.598+0000] {data_merge_dag.py:63} INFO - Loading weather data...
[2026-04-22T19:12:41.192+0000] {data_merge_dag.py:69} INFO - ✓ Loaded 257152 weather records from data/raw/weather/nasa_power_tn.csv
[2026-04-22T19:12:41.194+0000] {data_merge_dag.py:100} ERROR - ✗ Error loading weather data: Missing columns: ['temp_mean_c', 'temp_min_c', 'temp_max_c', 'rainfall_mm', 'humidity_percent', 'wind_speed_ms']
[2026-04-22T19:12:41.195+0000] {taskinstance.py:2698} ERROR - Task failed with exception
Traceback (most recent call last):
  File "/home/airflow/.local/lib/python3.11/site-packages/airflow/models/taskinstance.py", line 433, in _execute_task
    result = execute_callable(context=context, **execute_callable_kwargs)
             ^^^^^^^^^^^^^^^^^^^^^^^^^^^^^^^^^^^^^^^^^^^^^^^^^^^^^^^^^^^^
  File "/home/airflow/.local/lib/python3.11/site-packages/airflow/operators/python.py", line 199, in execute
    return_value = self.execute_callable()
                   ^^^^^^^^^^^^^^^^^^^^^^^
  File "/home/airflow/.local/lib/python3.11/site-packages/airflow/operators/python.py", line 216, in execute_callable
    return self.python_callable(*self.op_args, **self.op_kwargs)
           ^^^^^^^^^^^^^^^^^^^^^^^^^^^^^^^^^^^^^^^^^^^^^^^^^^^^^
  File "/home/airflow/dags/data_merge_dag.py", line 78, in load_weather_data
    raise ValueError(f"Missing columns: {missing_cols}")
ValueError: Missing columns: ['temp_mean_c', 'temp_min_c', 'temp_max_c', 'rainfall_mm', 'humidity_percent', 'wind_speed_ms']
[2026-04-22T19:12:41.215+0000] {taskinstance.py:1138} INFO - Marking task as FAILED. dag_id=data_merge_pipeline, task_id=load_weather, execution_date=20260422T190735, start_date=20260422T191240, end_date=20260422T191241
[2026-04-22T19:12:41.251+0000] {standard_task_runner.py:107} ERROR - Failed to execute job 6 for task load_weather (Missing columns: ['temp_mean_c', 'temp_min_c', 'temp_max_c', 'rainfall_mm', 'humidity_percent', 'wind_speed_ms']; 258)
[2026-04-22T19:12:41.297+0000] {local_task_job_runner.py:234} INFO - Task exited with return code 1
[2026-04-22T19:12:41.335+0000] {taskinstance.py:3280} INFO - 0 downstream tasks scheduled from follow-on schedule check
