[2026-04-27T06:18:57.063+0000] {taskinstance.py:1956} INFO - Dependencies all met for dep_context=non-requeueable deps ti=<TaskInstance: mlflow_model_tracking.log_model_to_mlflow manual__2026-04-27T06:13:47.100692+00:00 [queued]>
[2026-04-27T06:18:57.073+0000] {taskinstance.py:1956} INFO - Dependencies all met for dep_context=requeueable deps ti=<TaskInstance: mlflow_model_tracking.log_model_to_mlflow manual__2026-04-27T06:13:47.100692+00:00 [queued]>
[2026-04-27T06:18:57.074+0000] {taskinstance.py:2170} INFO - Starting attempt 2 of 2
[2026-04-27T06:18:57.092+0000] {taskinstance.py:2191} INFO - Executing <Task(PythonOperator): log_model_to_mlflow> on 2026-04-27 06:13:47.100692+00:00
[2026-04-27T06:18:57.101+0000] {standard_task_runner.py:60} INFO - Started process 536 to run task
[2026-04-27T06:18:57.105+0000] {standard_task_runner.py:87} INFO - Running: ['***', 'tasks', 'run', 'mlflow_model_tracking', 'log_model_to_mlflow', 'manual__2026-04-27T06:13:47.100692+00:00', '--job-id', '67', '--raw', '--subdir', 'DAGS_FOLDER/mlflow_tracking_dag.py', '--cfg-path', '/tmp/tmp1c7rgiit']
[2026-04-27T06:18:57.107+0000] {standard_task_runner.py:88} INFO - Job 67: Subtask log_model_to_mlflow
[2026-04-27T06:18:57.127+0000] {logging_mixin.py:188} WARNING - /home/***/.local/lib/python3.11/site-packages/***/settings.py:194 DeprecationWarning: The sql_alchemy_conn option in [core] has been moved to the sql_alchemy_conn option in [database] - the old setting has been used, but please update your config.
[2026-04-27T06:18:57.163+0000] {task_command.py:423} INFO - Running <TaskInstance: mlflow_model_tracking.log_model_to_mlflow manual__2026-04-27T06:13:47.100692+00:00 [running]> on host efe38e3d6854
[2026-04-27T06:18:57.244+0000] {taskinstance.py:2480} INFO - Exporting env vars: AIRFLOW_CTX_DAG_OWNER='data_scientist' AIRFLOW_CTX_DAG_ID='mlflow_model_tracking' AIRFLOW_CTX_TASK_ID='log_model_to_mlflow' AIRFLOW_CTX_EXECUTION_DATE='2026-04-27T06:13:47.100692+00:00' AIRFLOW_CTX_TRY_NUMBER='2' AIRFLOW_CTX_DAG_RUN_ID='manual__2026-04-27T06:13:47.100692+00:00'
[2026-04-27T06:18:57.247+0000] {mlflow_tracking_dag.py:27} INFO - 
================================================================================
[2026-04-27T06:18:57.247+0000] {mlflow_tracking_dag.py:28} INFO - MLFLOW MODEL TRACKING
[2026-04-27T06:18:57.248+0000] {mlflow_tracking_dag.py:29} INFO - ================================================================================
[2026-04-27T06:18:57.297+0000] {mlflow_tracking_dag.py:36} INFO - 
[1/2] Loading Metrics...
[2026-04-27T06:18:57.304+0000] {mlflow_tracking_dag.py:42} INFO -   ✓ Loaded metrics
[2026-04-27T06:18:57.309+0000] {mlflow_tracking_dag.py:48} INFO -   ✓ Loaded config
[2026-04-27T06:18:57.310+0000] {mlflow_tracking_dag.py:51} INFO - 
[2/2] Logging to MLflow...
[2026-04-27T06:18:57.348+0000] {logging_mixin.py:188} WARNING - 2026/04/27 06:18:57 WARNING mlflow.utils.git_utils: Failed to import Git (the Git executable is probably not on your PATH), so Git SHA is not available. Error: Failed to initialize: Bad git executable.
The git executable must be specified in one of the following ways:
    - be included in your $PATH
    - be set via $GIT_PYTHON_GIT_EXECUTABLE
    - explicitly set via git.refresh(<full-path-to-git-executable>)

All git commands will error until this is rectified.

This initial message can be silenced or aggravated in the future by setting the
$GIT_PYTHON_REFRESH environment variable. Use one of the following values:
    - quiet|q|silence|s|silent|none|n|0: for no message or exception
    - warn|w|warning|log|l|1: for a warning message (logging level CRITICAL, displayed by default)
    - error|e|exception|raise|r|2: for a raised exception

Example:
    export GIT_PYTHON_REFRESH=quiet
[2026-04-27T06:18:58.077+0000] {mlflow_tracking_dag.py:86} INFO -   ✓ Metrics logged!
[2026-04-27T06:18:58.098+0000] {mlflow_tracking_dag.py:89} INFO - 
================================================================================
[2026-04-27T06:18:58.099+0000] {mlflow_tracking_dag.py:90} INFO - ✓ MLFLOW TRACKING COMPLETE
[2026-04-27T06:18:58.099+0000] {mlflow_tracking_dag.py:91} INFO - ================================================================================
[2026-04-27T06:18:58.100+0000] {mlflow_tracking_dag.py:92} INFO - 
📊 EXPERIMENT: yield_risk_prediction
[2026-04-27T06:18:58.100+0000] {mlflow_tracking_dag.py:93} INFO -   Run: yield_risk_rf_v1
[2026-04-27T06:18:58.100+0000] {mlflow_tracking_dag.py:94} INFO -   Model: RandomForestClassifier
[2026-04-27T06:18:58.100+0000] {mlflow_tracking_dag.py:95} INFO - 
📈 METRICS LOGGED:
[2026-04-27T06:18:58.101+0000] {mlflow_tracking_dag.py:96} INFO -   Test Accuracy: 0.8095
[2026-04-27T06:18:58.101+0000] {mlflow_tracking_dag.py:97} INFO -   Test F1-Score: 0.8750
[2026-04-27T06:18:58.101+0000] {mlflow_tracking_dag.py:98} INFO -   Test ROC-AUC: 0.9444
[2026-04-27T06:18:58.101+0000] {mlflow_tracking_dag.py:99} INFO - 
🔗 VIEW AT: http://localhost:5000
[2026-04-27T06:18:58.102+0000] {mlflow_tracking_dag.py:100} INFO - ================================================================================

[2026-04-27T06:18:58.102+0000] {python.py:201} INFO - Done. Returned value was: {'status': 'success'}
[2026-04-27T06:18:58.128+0000] {taskinstance.py:1138} INFO - Marking task as SUCCESS. dag_id=mlflow_model_tracking, task_id=log_model_to_mlflow, execution_date=20260427T061347, start_date=20260427T061857, end_date=20260427T061858
[2026-04-27T06:18:58.164+0000] {local_task_job_runner.py:234} INFO - Task exited with return code 0
[2026-04-27T06:18:58.181+0000] {taskinstance.py:3280} INFO - 0 downstream tasks scheduled from follow-on schedule check
