[2026-04-26T18:52:06.768+0000] {taskinstance.py:1956} INFO - Dependencies all met for dep_context=non-requeueable deps ti=<TaskInstance: model_training_pipeline.train_model manual__2026-04-26T18:52:00.393021+00:00 [queued]>
[2026-04-26T18:52:06.778+0000] {taskinstance.py:1956} INFO - Dependencies all met for dep_context=requeueable deps ti=<TaskInstance: model_training_pipeline.train_model manual__2026-04-26T18:52:00.393021+00:00 [queued]>
[2026-04-26T18:52:06.779+0000] {taskinstance.py:2170} INFO - Starting attempt 1 of 2
[2026-04-26T18:52:06.793+0000] {taskinstance.py:2191} INFO - Executing <Task(PythonOperator): train_model> on 2026-04-26 18:52:00.393021+00:00
[2026-04-26T18:52:06.805+0000] {standard_task_runner.py:60} INFO - Started process 33668 to run task
[2026-04-26T18:52:06.810+0000] {standard_task_runner.py:87} INFO - Running: ['***', 'tasks', 'run', 'model_training_pipeline', 'train_model', 'manual__2026-04-26T18:52:00.393021+00:00', '--job-id', '40', '--raw', '--subdir', 'DAGS_FOLDER/model_training_dag.py', '--cfg-path', '/tmp/tmphyhdvti3']
[2026-04-26T18:52:06.813+0000] {standard_task_runner.py:88} INFO - Job 40: Subtask train_model
[2026-04-26T18:52:06.833+0000] {logging_mixin.py:188} WARNING - /home/***/.local/lib/python3.11/site-packages/***/settings.py:194 DeprecationWarning: The sql_alchemy_conn option in [core] has been moved to the sql_alchemy_conn option in [database] - the old setting has been used, but please update your config.
[2026-04-26T18:52:06.873+0000] {task_command.py:423} INFO - Running <TaskInstance: model_training_pipeline.train_model manual__2026-04-26T18:52:00.393021+00:00 [running]> on host efe38e3d6854
[2026-04-26T18:52:06.980+0000] {taskinstance.py:2480} INFO - Exporting env vars: AIRFLOW_CTX_DAG_OWNER='data_scientist' AIRFLOW_CTX_DAG_ID='model_training_pipeline' AIRFLOW_CTX_TASK_ID='train_model' AIRFLOW_CTX_EXECUTION_DATE='2026-04-26T18:52:00.393021+00:00' AIRFLOW_CTX_TRY_NUMBER='1' AIRFLOW_CTX_DAG_RUN_ID='manual__2026-04-26T18:52:00.393021+00:00'
[2026-04-26T18:52:06.983+0000] {model_training_dag.py:37} INFO - 
================================================================================
[2026-04-26T18:52:06.984+0000] {model_training_dag.py:38} INFO - MODEL TRAINING PIPELINE
[2026-04-26T18:52:06.984+0000] {model_training_dag.py:39} INFO - ================================================================================
[2026-04-26T18:52:06.985+0000] {model_training_dag.py:43} INFO - 
[1/7] Loading Features...
[2026-04-26T18:52:07.044+0000] {model_training_dag.py:50} INFO -   ✓ Loaded 408 records, 57 columns
[2026-04-26T18:52:07.045+0000] {model_training_dag.py:53} INFO - 
[2/7] Train/Test Split...
[2026-04-26T18:52:07.059+0000] {model_training_dag.py:66} INFO -   ✓ Train: 387 records (2000-2018)
[2026-04-26T18:52:07.060+0000] {model_training_dag.py:67} INFO -   ✓ Test: 21 records (2019-2019)
[2026-04-26T18:52:07.060+0000] {model_training_dag.py:70} INFO - 
[3/7] Feature Selection...
[2026-04-26T18:52:07.064+0000] {model_training_dag.py:96} INFO -     SKIP msp_per_quintal (100% NaN)
[2026-04-26T18:52:07.065+0000] {model_training_dag.py:96} INFO -     SKIP yield_to_msp_ratio (100% NaN)
[2026-04-26T18:52:07.068+0000] {model_training_dag.py:96} INFO -     SKIP yield_to_msp_ratio_scaled (100% NaN)
[2026-04-26T18:52:07.068+0000] {model_training_dag.py:96} INFO -     SKIP msp_per_quintal_scaled (100% NaN)
[2026-04-26T18:52:07.069+0000] {model_training_dag.py:100} INFO -   ✓ Selected 43 features (skipped 4 with 100% NaN)
[2026-04-26T18:52:07.070+0000] {model_training_dag.py:103} INFO - 
[4/7] Cleaning Data...
[2026-04-26T18:52:07.118+0000] {model_training_dag.py:127} INFO -   ✓ After cleaning: train=0, test=0
[2026-04-26T18:52:07.119+0000] {model_training_dag.py:257} ERROR - 
================================================================================
[2026-04-26T18:52:07.119+0000] {model_training_dag.py:258} ERROR - ✗ ERROR
[2026-04-26T18:52:07.120+0000] {model_training_dag.py:259} ERROR - ================================================================================
[2026-04-26T18:52:07.120+0000] {model_training_dag.py:260} ERROR - Empty dataset after cleaning! train=0, test=0
[2026-04-26T18:52:07.126+0000] {model_training_dag.py:261} ERROR - Traceback (most recent call last):
  File "/home/***/dags/model_training_dag.py", line 130, in train_model
    raise ValueError(f"Empty dataset after cleaning! train={len(train_df)}, test={len(test_df)}")
ValueError: Empty dataset after cleaning! train=0, test=0

[2026-04-26T18:52:07.127+0000] {model_training_dag.py:262} ERROR - ================================================================================

[2026-04-26T18:52:07.128+0000] {taskinstance.py:2698} ERROR - Task failed with exception
Traceback (most recent call last):
  File "/home/airflow/.local/lib/python3.11/site-packages/airflow/models/taskinstance.py", line 433, in _execute_task
    result = execute_callable(context=context, **execute_callable_kwargs)
             ^^^^^^^^^^^^^^^^^^^^^^^^^^^^^^^^^^^^^^^^^^^^^^^^^^^^^^^^^^^^
  File "/home/airflow/.local/lib/python3.11/site-packages/airflow/operators/python.py", line 199, in execute
    return_value = self.execute_callable()
                   ^^^^^^^^^^^^^^^^^^^^^^^
  File "/home/airflow/.local/lib/python3.11/site-packages/airflow/operators/python.py", line 216, in execute_callable
    return self.python_callable(*self.op_args, **self.op_kwargs)
           ^^^^^^^^^^^^^^^^^^^^^^^^^^^^^^^^^^^^^^^^^^^^^^^^^^^^^
  File "/home/airflow/dags/model_training_dag.py", line 130, in train_model
    raise ValueError(f"Empty dataset after cleaning! train={len(train_df)}, test={len(test_df)}")
ValueError: Empty dataset after cleaning! train=0, test=0
[2026-04-26T18:52:07.143+0000] {taskinstance.py:1138} INFO - Marking task as UP_FOR_RETRY. dag_id=model_training_pipeline, task_id=train_model, execution_date=20260426T185200, start_date=20260426T185206, end_date=20260426T185207
[2026-04-26T18:52:07.167+0000] {standard_task_runner.py:107} ERROR - Failed to execute job 40 for task train_model (Empty dataset after cleaning! train=0, test=0; 33668)
[2026-04-26T18:52:07.225+0000] {local_task_job_runner.py:234} INFO - Task exited with return code 1
[2026-04-26T18:52:07.252+0000] {taskinstance.py:3280} INFO - 0 downstream tasks scheduled from follow-on schedule check
