[2026-04-25T03:48:31.144+0000] {taskinstance.py:1956} INFO - Dependencies all met for dep_context=non-requeueable deps ti=<TaskInstance: feature_engineering_pipeline.engineer_features manual__2026-04-25T03:48:26.772946+00:00 [queued]>
[2026-04-25T03:48:31.154+0000] {taskinstance.py:1956} INFO - Dependencies all met for dep_context=requeueable deps ti=<TaskInstance: feature_engineering_pipeline.engineer_features manual__2026-04-25T03:48:26.772946+00:00 [queued]>
[2026-04-25T03:48:31.155+0000] {taskinstance.py:2170} INFO - Starting attempt 1 of 2
[2026-04-25T03:48:31.175+0000] {taskinstance.py:2191} INFO - Executing <Task(PythonOperator): engineer_features> on 2026-04-25 03:48:26.772946+00:00
[2026-04-25T03:48:31.184+0000] {standard_task_runner.py:60} INFO - Started process 1981 to run task
[2026-04-25T03:48:31.187+0000] {standard_task_runner.py:87} INFO - Running: ['***', 'tasks', 'run', 'feature_engineering_pipeline', 'engineer_features', 'manual__2026-04-25T03:48:26.772946+00:00', '--job-id', '28', '--raw', '--subdir', 'DAGS_FOLDER/feature_engineering_dag.py', '--cfg-path', '/tmp/tmp5tm7ulnv']
[2026-04-25T03:48:31.190+0000] {standard_task_runner.py:88} INFO - Job 28: Subtask engineer_features
[2026-04-25T03:48:31.208+0000] {logging_mixin.py:188} WARNING - /home/***/.local/lib/python3.11/site-packages/***/settings.py:194 DeprecationWarning: The sql_alchemy_conn option in [core] has been moved to the sql_alchemy_conn option in [database] - the old setting has been used, but please update your config.
[2026-04-25T03:48:31.253+0000] {task_command.py:423} INFO - Running <TaskInstance: feature_engineering_pipeline.engineer_features manual__2026-04-25T03:48:26.772946+00:00 [running]> on host efe38e3d6854
[2026-04-25T03:48:31.327+0000] {taskinstance.py:2480} INFO - Exporting env vars: AIRFLOW_CTX_DAG_OWNER='data_engineer' AIRFLOW_CTX_DAG_ID='feature_engineering_pipeline' AIRFLOW_CTX_TASK_ID='engineer_features' AIRFLOW_CTX_EXECUTION_DATE='2026-04-25T03:48:26.772946+00:00' AIRFLOW_CTX_TRY_NUMBER='1' AIRFLOW_CTX_DAG_RUN_ID='manual__2026-04-25T03:48:26.772946+00:00'
[2026-04-25T03:48:31.330+0000] {feature_engineering_dag.py:33} INFO - 
================================================================================
[2026-04-25T03:48:31.331+0000] {feature_engineering_dag.py:34} INFO - FEATURE ENGINEERING PIPELINE - STARTED
[2026-04-25T03:48:31.331+0000] {feature_engineering_dag.py:35} INFO - ================================================================================
[2026-04-25T03:48:31.331+0000] {feature_engineering_dag.py:41} INFO - 
[1/8] Loading Training Dataset...
[2026-04-25T03:48:31.364+0000] {feature_engineering_dag.py:49} INFO -   ✓ Loaded 408 records
[2026-04-25T03:48:31.364+0000] {feature_engineering_dag.py:50} INFO -   ✓ Original columns: 20
[2026-04-25T03:48:31.365+0000] {feature_engineering_dag.py:51} INFO -   ✓ Columns: ['district', 'year', 'temp_mean_c_mean', 'temp_mean_c_min', 'temp_mean_c_max', 'temp_max_c_mean', 'temp_max_c_max', 'temp_min_c_mean', 'temp_min_c_min', 'rainfall_mm_sum', 'rainfall_mm_mean', 'humidity_percent_mean', 'humidity_percent_min', 'humidity_percent_max', 'wind_speed_ms_mean', 'wind_speed_ms_max', 'crop', 'yield_kg_per_ha', 'msp_per_quintal', 'water_requirement_mm']
[2026-04-25T03:48:31.365+0000] {feature_engineering_dag.py:58} INFO - 
[2/8] Creating Yield Risk Labels...
[2026-04-25T03:48:31.369+0000] {feature_engineering_dag.py:316} ERROR - 
================================================================================
[2026-04-25T03:48:31.369+0000] {feature_engineering_dag.py:317} ERROR - ✗ ERROR IN FEATURE ENGINEERING PIPELINE
[2026-04-25T03:48:31.370+0000] {feature_engineering_dag.py:318} ERROR - ================================================================================
[2026-04-25T03:48:31.370+0000] {feature_engineering_dag.py:319} ERROR - Exception: func is expected but received tuple in **kwargs.
[2026-04-25T03:48:31.370+0000] {feature_engineering_dag.py:320} ERROR - 
Full Traceback:
[2026-04-25T03:48:31.379+0000] {feature_engineering_dag.py:321} ERROR - Traceback (most recent call last):
  File "/home/***/dags/feature_engineering_dag.py", line 61, in engineer_features
    district_crop_stats = df.groupby(['district', 'crop'])['yield_kg_per_ha'].agg(
                          ^^^^^^^^^^^^^^^^^^^^^^^^^^^^^^^^^^^^^^^^^^^^^^^^^^^^^^^^
  File "/home/***/.local/lib/python3.11/site-packages/pandas/core/groupby/generic.py", line 228, in aggregate
    columns, func = validate_func_kwargs(kwargs)
                    ^^^^^^^^^^^^^^^^^^^^^^^^^^^^
  File "/home/***/.local/lib/python3.11/site-packages/pandas/core/apply.py", line 1497, in validate_func_kwargs
    raise TypeError(tuple_given_message.format(type(col_func).__name__))
TypeError: func is expected but received tuple in **kwargs.

[2026-04-25T03:48:31.379+0000] {feature_engineering_dag.py:322} ERROR - ================================================================================

[2026-04-25T03:48:31.380+0000] {taskinstance.py:2698} ERROR - Task failed with exception
Traceback (most recent call last):
  File "/home/airflow/.local/lib/python3.11/site-packages/airflow/models/taskinstance.py", line 433, in _execute_task
    result = execute_callable(context=context, **execute_callable_kwargs)
             ^^^^^^^^^^^^^^^^^^^^^^^^^^^^^^^^^^^^^^^^^^^^^^^^^^^^^^^^^^^^
  File "/home/airflow/.local/lib/python3.11/site-packages/airflow/operators/python.py", line 199, in execute
    return_value = self.execute_callable()
                   ^^^^^^^^^^^^^^^^^^^^^^^
  File "/home/airflow/.local/lib/python3.11/site-packages/airflow/operators/python.py", line 216, in execute_callable
    return self.python_callable(*self.op_args, **self.op_kwargs)
           ^^^^^^^^^^^^^^^^^^^^^^^^^^^^^^^^^^^^^^^^^^^^^^^^^^^^^
  File "/home/airflow/dags/feature_engineering_dag.py", line 61, in engineer_features
    district_crop_stats = df.groupby(['district', 'crop'])['yield_kg_per_ha'].agg(
                          ^^^^^^^^^^^^^^^^^^^^^^^^^^^^^^^^^^^^^^^^^^^^^^^^^^^^^^^^
  File "/home/airflow/.local/lib/python3.11/site-packages/pandas/core/groupby/generic.py", line 228, in aggregate
    columns, func = validate_func_kwargs(kwargs)
                    ^^^^^^^^^^^^^^^^^^^^^^^^^^^^
  File "/home/airflow/.local/lib/python3.11/site-packages/pandas/core/apply.py", line 1497, in validate_func_kwargs
    raise TypeError(tuple_given_message.format(type(col_func).__name__))
TypeError: func is expected but received tuple in **kwargs.
[2026-04-25T03:48:31.390+0000] {taskinstance.py:1138} INFO - Marking task as UP_FOR_RETRY. dag_id=feature_engineering_pipeline, task_id=engineer_features, execution_date=20260425T034826, start_date=20260425T034831, end_date=20260425T034831
[2026-04-25T03:48:31.411+0000] {standard_task_runner.py:107} ERROR - Failed to execute job 28 for task engineer_features (func is expected but received tuple in **kwargs.; 1981)
[2026-04-25T03:48:31.441+0000] {local_task_job_runner.py:234} INFO - Task exited with return code 1
[2026-04-25T03:48:31.462+0000] {taskinstance.py:3280} INFO - 0 downstream tasks scheduled from follow-on schedule check
