[2026-04-24T21:08:33.479+0000] {taskinstance.py:1956} INFO - Dependencies all met for dep_context=non-requeueable deps ti=<TaskInstance: data_merge_pipeline.merge_and_process_data manual__2026-04-24T21:03:28.942406+00:00 [queued]>
[2026-04-24T21:08:33.488+0000] {taskinstance.py:1956} INFO - Dependencies all met for dep_context=requeueable deps ti=<TaskInstance: data_merge_pipeline.merge_and_process_data manual__2026-04-24T21:03:28.942406+00:00 [queued]>
[2026-04-24T21:08:33.489+0000] {taskinstance.py:2170} INFO - Starting attempt 2 of 2
[2026-04-24T21:08:33.502+0000] {taskinstance.py:2191} INFO - Executing <Task(PythonOperator): merge_and_process_data> on 2026-04-24 21:03:28.942406+00:00
[2026-04-24T21:08:33.508+0000] {standard_task_runner.py:60} INFO - Started process 458 to run task
[2026-04-24T21:08:33.510+0000] {standard_task_runner.py:87} INFO - Running: ['***', 'tasks', 'run', 'data_merge_pipeline', 'merge_and_process_data', 'manual__2026-04-24T21:03:28.942406+00:00', '--job-id', '27', '--raw', '--subdir', 'DAGS_FOLDER/data_merge_dag.py', '--cfg-path', '/tmp/tmp5ljz5_2b']
[2026-04-24T21:08:33.521+0000] {standard_task_runner.py:88} INFO - Job 27: Subtask merge_and_process_data
[2026-04-24T21:08:33.560+0000] {logging_mixin.py:188} WARNING - /home/***/.local/lib/python3.11/site-packages/***/settings.py:194 DeprecationWarning: The sql_alchemy_conn option in [core] has been moved to the sql_alchemy_conn option in [database] - the old setting has been used, but please update your config.
[2026-04-24T21:08:33.596+0000] {task_command.py:423} INFO - Running <TaskInstance: data_merge_pipeline.merge_and_process_data manual__2026-04-24T21:03:28.942406+00:00 [running]> on host efe38e3d6854
[2026-04-24T21:08:33.673+0000] {taskinstance.py:2480} INFO - Exporting env vars: AIRFLOW_CTX_DAG_OWNER='data_engineer' AIRFLOW_CTX_DAG_ID='data_merge_pipeline' AIRFLOW_CTX_TASK_ID='merge_and_process_data' AIRFLOW_CTX_EXECUTION_DATE='2026-04-24T21:03:28.942406+00:00' AIRFLOW_CTX_TRY_NUMBER='2' AIRFLOW_CTX_DAG_RUN_ID='manual__2026-04-24T21:03:28.942406+00:00'
[2026-04-24T21:08:33.675+0000] {data_merge_dag.py:51} INFO - 
================================================================================
[2026-04-24T21:08:33.676+0000] {data_merge_dag.py:52} INFO - MLOPS DATA MERGE PIPELINE - STARTED
[2026-04-24T21:08:33.676+0000] {data_merge_dag.py:53} INFO - ================================================================================
[2026-04-24T21:08:33.677+0000] {data_merge_dag.py:57} INFO - 
[1/6] Loading Weather Data (NASA POWER)...
[2026-04-24T21:08:34.068+0000] {data_merge_dag.py:64} INFO -   ✓ Loaded 257,152 daily weather records
[2026-04-24T21:08:34.068+0000] {data_merge_dag.py:65} INFO -   Columns: ['district', 'latitude', 'longitude', 'date', 'year', 'month', 'T2M', 'T2M_MAX', 'T2M_MIN', 'PRECTOTCORR', 'RH2M', 'WS10M']
[2026-04-24T21:08:34.084+0000] {data_merge_dag.py:66} INFO -   Date range: 2000-01-01 to 2021-12-31
[2026-04-24T21:08:34.093+0000] {data_merge_dag.py:67} INFO -   Unique districts: 32
[2026-04-24T21:08:34.140+0000] {data_merge_dag.py:83} INFO -   ✓ Weather data validated and standardized
[2026-04-24T21:08:34.141+0000] {data_merge_dag.py:86} INFO - 
[2/6] Loading Crop Yield Data...
[2026-04-24T21:08:34.660+0000] {data_merge_dag.py:93} INFO -   ✓ Loaded 345,407 total crop records
[2026-04-24T21:08:34.672+0000] {data_merge_dag.py:97} INFO -   Filtered to 18,525 Tamil Nadu records
[2026-04-24T21:08:34.674+0000] {data_merge_dag.py:101} INFO -   Filtered to 1,464 Rice + Sugarcane records
[2026-04-24T21:08:34.681+0000] {data_merge_dag.py:123} INFO -   ✓ Yield data validated (1,464 records)
[2026-04-24T21:08:34.681+0000] {data_merge_dag.py:124} INFO -   Crops: ['Rice', 'Sugarcane']
[2026-04-24T21:08:34.682+0000] {data_merge_dag.py:125} INFO -   Year range: 1998-2019
[2026-04-24T21:08:34.683+0000] {data_merge_dag.py:128} INFO - 
[3/6] Aggregating Daily Weather to Yearly Features...
[2026-04-24T21:08:34.719+0000] {data_merge_dag.py:143} INFO -   ✓ Aggregated to 704 district-year records
[2026-04-24T21:08:34.720+0000] {data_merge_dag.py:144} INFO -   Features: 14 weather features
[2026-04-24T21:08:34.720+0000] {data_merge_dag.py:147} INFO - 
[4/6] Merging Weather and Yield Data...
[2026-04-24T21:08:34.726+0000] {data_merge_dag.py:177} INFO -   ✓ Merged to 408 training records
[2026-04-24T21:08:34.727+0000] {data_merge_dag.py:178} INFO -   Features: 18 total columns
[2026-04-24T21:08:34.727+0000] {data_merge_dag.py:181} INFO - 
[5/6] Adding Reference Data...
[2026-04-24T21:08:34.740+0000] {data_merge_dag.py:195} INFO -   ✓ Added MSP data
[2026-04-24T21:08:34.747+0000] {data_merge_dag.py:212} INFO -   ✓ Added irrigation norms
[2026-04-24T21:08:34.747+0000] {data_merge_dag.py:216} INFO -   Final training dataset: 408 records, 20 features
[2026-04-24T21:08:34.748+0000] {data_merge_dag.py:219} INFO - 
[6/6] Saving Training Dataset...
[2026-04-24T21:08:34.758+0000] {data_merge_dag.py:223} INFO -   ✓ Saved training dataset: /home/***/data/processed/training_dataset.csv
[2026-04-24T21:08:34.759+0000] {data_merge_dag.py:224} INFO -   Size: 408 rows × 20 columns
[2026-04-24T21:08:34.759+0000] {data_merge_dag.py:227} INFO - 
[7/7] Computing Drift Baseline Statistics...
[2026-04-24T21:08:34.776+0000] {data_merge_dag.py:249} INFO -   ✓ Computed 14 weather feature baselines
[2026-04-24T21:08:34.777+0000] {data_merge_dag.py:250} INFO -   Saved to: /home/***/data/processed/drift_baselines.json
[2026-04-24T21:08:34.777+0000] {data_merge_dag.py:253} INFO - 
[8/8] Generating Data Quality Report...
[2026-04-24T21:08:34.783+0000] {data_merge_dag.py:292} INFO -   ✓ Generated quality report: /home/***/data/processed/data_quality_report.json
[2026-04-24T21:08:34.784+0000] {data_merge_dag.py:295} INFO - 
================================================================================
[2026-04-24T21:08:34.785+0000] {data_merge_dag.py:296} INFO - ✓ DATA MERGE PIPELINE COMPLETED SUCCESSFULLY
[2026-04-24T21:08:34.785+0000] {data_merge_dag.py:297} INFO - ================================================================================
[2026-04-24T21:08:34.785+0000] {data_merge_dag.py:298} INFO - 
📊 SUMMARY:
[2026-04-24T21:08:34.785+0000] {data_merge_dag.py:299} INFO -   Training records: 408
[2026-04-24T21:08:34.786+0000] {data_merge_dag.py:300} INFO -   Features: 20
[2026-04-24T21:08:34.786+0000] {data_merge_dag.py:301} INFO -   Districts: 21
[2026-04-24T21:08:34.787+0000] {data_merge_dag.py:302} INFO -   Year range: 2000-2019
[2026-04-24T21:08:34.787+0000] {data_merge_dag.py:303} INFO -   Crops: Rice
[2026-04-24T21:08:34.787+0000] {data_merge_dag.py:304} INFO - 
📁 OUTPUT FILES:
[2026-04-24T21:08:34.787+0000] {data_merge_dag.py:305} INFO -   1. /home/***/data/processed/training_dataset.csv
[2026-04-24T21:08:34.788+0000] {data_merge_dag.py:306} INFO -   2. /home/***/data/processed/drift_baselines.json
[2026-04-24T21:08:34.788+0000] {data_merge_dag.py:307} INFO -   3. /home/***/data/processed/data_quality_report.json
[2026-04-24T21:08:34.788+0000] {data_merge_dag.py:308} INFO - ================================================================================

[2026-04-24T21:08:34.795+0000] {python.py:201} INFO - Done. Returned value was: {'status': 'success', 'records': 408, 'features': 20, 'districts': 21}
[2026-04-24T21:08:34.817+0000] {taskinstance.py:1138} INFO - Marking task as SUCCESS. dag_id=data_merge_pipeline, task_id=merge_and_process_data, execution_date=20260424T210328, start_date=20260424T210833, end_date=20260424T210834
[2026-04-24T21:08:34.848+0000] {local_task_job_runner.py:234} INFO - Task exited with return code 0
[2026-04-24T21:08:34.862+0000] {taskinstance.py:3280} INFO - 0 downstream tasks scheduled from follow-on schedule check
