[2026-04-25T04:35:01.710+0000] {taskinstance.py:1956} INFO - Dependencies all met for dep_context=non-requeueable deps ti=<TaskInstance: model_training_pipeline.train_model manual__2026-04-25T04:03:20.781216+00:00 [queued]>
[2026-04-25T04:35:01.739+0000] {taskinstance.py:1956} INFO - Dependencies all met for dep_context=requeueable deps ti=<TaskInstance: model_training_pipeline.train_model manual__2026-04-25T04:03:20.781216+00:00 [queued]>
[2026-04-25T04:35:01.746+0000] {taskinstance.py:2170} INFO - Starting attempt 2 of 2
[2026-04-25T04:35:01.791+0000] {taskinstance.py:2191} INFO - Executing <Task(PythonOperator): train_model> on 2026-04-25 04:03:20.781216+00:00
[2026-04-25T04:35:01.824+0000] {standard_task_runner.py:60} INFO - Started process 756 to run task
[2026-04-25T04:35:01.830+0000] {standard_task_runner.py:87} INFO - Running: ['***', 'tasks', 'run', 'model_training_pipeline', 'train_model', 'manual__2026-04-25T04:03:20.781216+00:00', '--job-id', '39', '--raw', '--subdir', 'DAGS_FOLDER/model_training_dag.py', '--cfg-path', '/tmp/tmp032tw7uv']
[2026-04-25T04:35:01.834+0000] {standard_task_runner.py:88} INFO - Job 39: Subtask train_model
[2026-04-25T04:35:01.877+0000] {logging_mixin.py:188} WARNING - /home/***/.local/lib/python3.11/site-packages/***/settings.py:194 DeprecationWarning: The sql_alchemy_conn option in [core] has been moved to the sql_alchemy_conn option in [database] - the old setting has been used, but please update your config.
[2026-04-25T04:35:01.959+0000] {task_command.py:423} INFO - Running <TaskInstance: model_training_pipeline.train_model manual__2026-04-25T04:03:20.781216+00:00 [running]> on host efe38e3d6854
[2026-04-25T04:35:02.101+0000] {taskinstance.py:2480} INFO - Exporting env vars: AIRFLOW_CTX_DAG_OWNER='data_scientist' AIRFLOW_CTX_DAG_ID='model_training_pipeline' AIRFLOW_CTX_TASK_ID='train_model' AIRFLOW_CTX_EXECUTION_DATE='2026-04-25T04:03:20.781216+00:00' AIRFLOW_CTX_TRY_NUMBER='2' AIRFLOW_CTX_DAG_RUN_ID='manual__2026-04-25T04:03:20.781216+00:00'
[2026-04-25T04:35:02.105+0000] {model_training_dag.py:37} INFO - 
================================================================================
[2026-04-25T04:35:02.107+0000] {model_training_dag.py:38} INFO - MODEL TRAINING PIPELINE
[2026-04-25T04:35:02.108+0000] {model_training_dag.py:39} INFO - ================================================================================
[2026-04-25T04:35:02.111+0000] {model_training_dag.py:43} INFO - 
[1/7] Loading Features...
[2026-04-25T04:35:02.158+0000] {model_training_dag.py:50} INFO -   ✓ Loaded 408 records, 57 columns
[2026-04-25T04:35:02.159+0000] {model_training_dag.py:53} INFO - 
[2/7] Train/Test Split...
[2026-04-25T04:35:02.164+0000] {model_training_dag.py:66} INFO -   ✓ Train: 387 records (2000-2018)
[2026-04-25T04:35:02.164+0000] {model_training_dag.py:67} INFO -   ✓ Test: 21 records (2019-2019)
[2026-04-25T04:35:02.165+0000] {model_training_dag.py:70} INFO - 
[3/7] Feature Selection...
[2026-04-25T04:35:02.166+0000] {model_training_dag.py:84} INFO -   ✓ Selected 46 features
[2026-04-25T04:35:02.168+0000] {model_training_dag.py:87} INFO - 
[4/7] Aggressive Data Cleaning...
[2026-04-25T04:35:02.174+0000] {model_training_dag.py:97} INFO -     Dropped rows with NaN target
[2026-04-25T04:35:02.194+0000] {logging_mixin.py:188} WARNING - /home/***/.local/lib/python3.11/site-packages/numpy/lib/nanfunctions.py:1215 RuntimeWarning: Mean of empty slice
[2026-04-25T04:35:02.205+0000] {model_training_dag.py:108} INFO -     Warning: yield_to_msp_ratio is all NaN, using 0
[2026-04-25T04:35:02.240+0000] {logging_mixin.py:188} WARNING - /home/***/.local/lib/python3.11/site-packages/numpy/lib/nanfunctions.py:1215 RuntimeWarning: Mean of empty slice
[2026-04-25T04:35:02.241+0000] {model_training_dag.py:108} INFO -     Warning: yield_to_msp_ratio_scaled is all NaN, using 0
[2026-04-25T04:35:02.248+0000] {logging_mixin.py:188} WARNING - /home/***/.local/lib/python3.11/site-packages/numpy/lib/nanfunctions.py:1215 RuntimeWarning: Mean of empty slice
[2026-04-25T04:35:02.255+0000] {model_training_dag.py:108} INFO -     Warning: msp_per_quintal_scaled is all NaN, using 0
[2026-04-25T04:35:02.270+0000] {model_training_dag.py:124} INFO -     Dropped 387 train, 21 test rows with remaining NaN
[2026-04-25T04:35:02.289+0000] {model_training_dag.py:133} INFO -   ✓ Data cleaned: train=0, test=0
[2026-04-25T04:35:02.290+0000] {model_training_dag.py:136} INFO - 
[5/7] Preparing Training Data...
[2026-04-25T04:35:02.294+0000] {model_training_dag.py:144} INFO -   ✓ X_train: (0, 46)
[2026-04-25T04:35:02.296+0000] {model_training_dag.py:145} INFO -   ✓ y_train: (0,)
[2026-04-25T04:35:02.305+0000] {model_training_dag.py:146} INFO -   ✓ X_test: (0, 46)
[2026-04-25T04:35:02.306+0000] {model_training_dag.py:147} INFO -   ✓ y_test: (0,)
[2026-04-25T04:35:02.307+0000] {model_training_dag.py:150} INFO - 
[6/7] Training Random Forest...
[2026-04-25T04:35:02.309+0000] {model_training_dag.py:261} ERROR - 
================================================================================
[2026-04-25T04:35:02.310+0000] {model_training_dag.py:262} ERROR - ✗ ERROR
[2026-04-25T04:35:02.311+0000] {model_training_dag.py:263} ERROR - ================================================================================
[2026-04-25T04:35:02.312+0000] {model_training_dag.py:264} ERROR - Found array with 0 sample(s) (shape=(0, 46)) while a minimum of 1 is required by RandomForestClassifier.
[2026-04-25T04:35:02.328+0000] {model_training_dag.py:265} ERROR - Traceback (most recent call last):
  File "/home/***/dags/model_training_dag.py", line 162, in train_model
    rf_model.fit(X_train, y_train)
  File "/home/***/.local/lib/python3.11/site-packages/sklearn/base.py", line 1151, in wrapper
    return fit_method(estimator, *args, **kwargs)
           ^^^^^^^^^^^^^^^^^^^^^^^^^^^^^^^^^^^^^^
  File "/home/***/.local/lib/python3.11/site-packages/sklearn/ensemble/_forest.py", line 348, in fit
    X, y = self._validate_data(
           ^^^^^^^^^^^^^^^^^^^^
  File "/home/***/.local/lib/python3.11/site-packages/sklearn/base.py", line 621, in _validate_data
    X, y = check_X_y(X, y, **check_params)
           ^^^^^^^^^^^^^^^^^^^^^^^^^^^^^^^
  File "/home/***/.local/lib/python3.11/site-packages/sklearn/utils/validation.py", line 1147, in check_X_y
    X = check_array(
        ^^^^^^^^^^^^
  File "/home/***/.local/lib/python3.11/site-packages/sklearn/utils/validation.py", line 969, in check_array
    raise ValueError(
ValueError: Found array with 0 sample(s) (shape=(0, 46)) while a minimum of 1 is required by RandomForestClassifier.

[2026-04-25T04:35:02.331+0000] {model_training_dag.py:266} ERROR - ================================================================================

[2026-04-25T04:35:02.333+0000] {taskinstance.py:2698} ERROR - Task failed with exception
Traceback (most recent call last):
  File "/home/airflow/.local/lib/python3.11/site-packages/airflow/models/taskinstance.py", line 433, in _execute_task
    result = execute_callable(context=context, **execute_callable_kwargs)
             ^^^^^^^^^^^^^^^^^^^^^^^^^^^^^^^^^^^^^^^^^^^^^^^^^^^^^^^^^^^^
  File "/home/airflow/.local/lib/python3.11/site-packages/airflow/operators/python.py", line 199, in execute
    return_value = self.execute_callable()
                   ^^^^^^^^^^^^^^^^^^^^^^^
  File "/home/airflow/.local/lib/python3.11/site-packages/airflow/operators/python.py", line 216, in execute_callable
    return self.python_callable(*self.op_args, **self.op_kwargs)
           ^^^^^^^^^^^^^^^^^^^^^^^^^^^^^^^^^^^^^^^^^^^^^^^^^^^^^
  File "/home/airflow/dags/model_training_dag.py", line 162, in train_model
    rf_model.fit(X_train, y_train)
  File "/home/airflow/.local/lib/python3.11/site-packages/sklearn/base.py", line 1151, in wrapper
    return fit_method(estimator, *args, **kwargs)
           ^^^^^^^^^^^^^^^^^^^^^^^^^^^^^^^^^^^^^^
  File "/home/airflow/.local/lib/python3.11/site-packages/sklearn/ensemble/_forest.py", line 348, in fit
    X, y = self._validate_data(
           ^^^^^^^^^^^^^^^^^^^^
  File "/home/airflow/.local/lib/python3.11/site-packages/sklearn/base.py", line 621, in _validate_data
    X, y = check_X_y(X, y, **check_params)
           ^^^^^^^^^^^^^^^^^^^^^^^^^^^^^^^
  File "/home/airflow/.local/lib/python3.11/site-packages/sklearn/utils/validation.py", line 1147, in check_X_y
    X = check_array(
        ^^^^^^^^^^^^
  File "/home/airflow/.local/lib/python3.11/site-packages/sklearn/utils/validation.py", line 969, in check_array
    raise ValueError(
ValueError: Found array with 0 sample(s) (shape=(0, 46)) while a minimum of 1 is required by RandomForestClassifier.
[2026-04-25T04:35:02.353+0000] {taskinstance.py:1138} INFO - Marking task as FAILED. dag_id=model_training_pipeline, task_id=train_model, execution_date=20260425T040320, start_date=20260425T043501, end_date=20260425T043502
[2026-04-25T04:35:02.373+0000] {standard_task_runner.py:107} ERROR - Failed to execute job 39 for task train_model (Found array with 0 sample(s) (shape=(0, 46)) while a minimum of 1 is required by RandomForestClassifier.; 756)
[2026-04-25T04:35:02.432+0000] {local_task_job_runner.py:234} INFO - Task exited with return code 1
[2026-04-25T04:35:02.465+0000] {taskinstance.py:3280} INFO - 0 downstream tasks scheduled from follow-on schedule check
